// Jest Snapshot v1, https://goo.gl/fbAQLP

exports[`App/ErrorMessage should render correctly 1`] = `
<div>
  <h1>
    Something bad happened :(
  </h1>
  <div>
    Error: 404
  </div>
</div>
`;
