// Jest Snapshot v1, https://goo.gl/fbAQLP

exports[`uikit/Loading should render correctly 1`] = `
<div
  className="loading"
>
  <div />
  <div />
  <div />
  <div />
</div>
`;
