// Jest Snapshot v1, https://goo.gl/fbAQLP

exports[`uikit/Radio renders correctly 1`] = `
<span
  class="dt-radio dt-radio-checked"
>
  <input
    checked=""
    class="dt-radio-input"
    type="radio"
    value="some-val"
  />
  <span
    class="dt-radio-inner"
  />
</span>
`;
