// Jest Snapshot v1, https://goo.gl/fbAQLP

exports[`uikit/notification should render correctly 1`] = `
<Box
  className="general default"
  component="div"
  padding="m"
>
  <Box
    align="start"
    component="div"
    flexGrow={1}
    justify="between"
  >
    <div>
      <AText
        breed="label"
        size="m"
      >
        title
      </AText>
    </div>
  </Box>
</Box>
`;
