// Jest Snapshot v1, https://goo.gl/fbAQLP

exports[`uikit/Divider should render correctly 1`] = `
<div
  className="divider default m"
  style={
    Object {
      "height": undefined,
    }
  }
/>
`;
