// Jest Snapshot v1, https://goo.gl/fbAQLP

exports[`compose-redirects should correct 1`] = `
<div>
  Test
</div>
`;
