// Jest Snapshot v1, https://goo.gl/fbAQLP

exports[`uikit/Input should renders correctly 1`] = `
<form
  onSubmit={[Function]}
/>
`;
