// Jest Snapshot v1, https://goo.gl/fbAQLP

exports[`uikit/Select/ScrollTo renders correctly 1`] = `<div />`;
