// Jest Snapshot v1, https://goo.gl/fbAQLP

exports[`app/components/NotFound should render correctly 1`] = `
<Box
  align="center"
  className="notFound"
  component="div"
  justify="center"
>
  <Box
    className="notFoundImage"
    component="div"
  />
  <Box
    component="div"
    direction="column"
    justify="center"
    left="l"
  >
    <AText
      breed="title"
      color="alfa-text-body"
      size="xl"
    >
      404 error
    </AText>
    <Box
      bottom="l"
      className="description"
      component="div"
      inject={true}
      top="m"
    >
      <AText
        align="left"
        breed="body"
        color="alfa-text-body"
        size="l"
      >
        We can't seem to find the page you're looking for
      </AText>
    </Box>
    <Button
      actionType="navigational"
      circle={false}
      component={[Function]}
      intent="primary"
      rounded={false}
      size="l"
      to="/"
    >
      GO TO HOMEPAGE
    </Button>
  </Box>
</Box>
`;
