// Jest Snapshot v1, https://goo.gl/fbAQLP

exports[`core/utils/qrcode should make correct 1`] = `
Object {
  "addData": [Function],
  "createASCII": [Function],
  "createDataURL": [Function],
  "createImgTag": [Function],
  "createSvgTag": [Function],
  "createTableTag": [Function],
  "getModuleCount": [Function],
  "isDark": [Function],
  "make": [Function],
  "renderTo2dContext": [Function],
}
`;
